2025-07-26 10:15:42,952 - INFO - Exported 2 domains to test_domains.csv
2025-07-26 10:17:58,836 - INFO - 🚀 Starting Expired Domain Sniper
2025-07-26 10:17:58,836 - INFO - Scraping page 1/3
2025-07-26 10:17:58,836 - INFO - Fetching expired domains page 1
2025-07-26 10:18:00,520 - WARNING - Request attempt 1 failed for https://www.expireddomains.net/expired-com-domains/?start=0&searchinit=1&o=changed&r=a: 404 Client Error: Not Found for url: https://www.expireddomains.net/expired-com-domains/?start=0&searchinit=1&o=changed&r=a
2025-07-26 10:18:04,419 - WARNING - Request attempt 2 failed for https://www.expireddomains.net/expired-com-domains/?start=0&searchinit=1&o=changed&r=a: 404 Client Error: Not Found for url: https://www.expireddomains.net/expired-com-domains/?start=0&searchinit=1&o=changed&r=a
2025-07-26 10:18:08,598 - WARNING - Request attempt 3 failed for https://www.expireddomains.net/expired-com-domains/?start=0&searchinit=1&o=changed&r=a: 404 Client Error: Not Found for url: https://www.expireddomains.net/expired-com-domains/?start=0&searchinit=1&o=changed&r=a
2025-07-26 10:18:08,598 - ERROR - All attempts failed for https://www.expireddomains.net/expired-com-domains/?start=0&searchinit=1&o=changed&r=a
2025-07-26 10:18:08,598 - WARNING - Failed to fetch page 1
2025-07-26 10:18:08,598 - INFO - Scraping page 2/3
2025-07-26 10:18:08,598 - INFO - Fetching expired domains page 2
2025-07-26 10:18:10,979 - WARNING - Request attempt 1 failed for https://www.expireddomains.net/expired-com-domains/?start=25&searchinit=1&o=changed&r=a: 404 Client Error: Not Found for url: https://www.expireddomains.net/expired-com-domains/?start=25&searchinit=1&o=changed&r=a
2025-07-26 10:18:15,052 - WARNING - Request attempt 2 failed for https://www.expireddomains.net/expired-com-domains/?start=25&searchinit=1&o=changed&r=a: 404 Client Error: Not Found for url: https://www.expireddomains.net/expired-com-domains/?start=25&searchinit=1&o=changed&r=a
2025-07-26 10:18:19,373 - WARNING - Request attempt 3 failed for https://www.expireddomains.net/expired-com-domains/?start=25&searchinit=1&o=changed&r=a: 404 Client Error: Not Found for url: https://www.expireddomains.net/expired-com-domains/?start=25&searchinit=1&o=changed&r=a
2025-07-26 10:18:19,373 - ERROR - All attempts failed for https://www.expireddomains.net/expired-com-domains/?start=25&searchinit=1&o=changed&r=a
2025-07-26 10:18:19,373 - WARNING - Failed to fetch page 2
2025-07-26 10:18:19,373 - INFO - Scraping page 3/3
2025-07-26 10:18:19,373 - INFO - Fetching expired domains page 3
2025-07-26 10:18:22,288 - WARNING - Request attempt 1 failed for https://www.expireddomains.net/expired-com-domains/?start=50&searchinit=1&o=changed&r=a: 404 Client Error: Not Found for url: https://www.expireddomains.net/expired-com-domains/?start=50&searchinit=1&o=changed&r=a
2025-07-26 10:18:24,838 - WARNING - Request attempt 2 failed for https://www.expireddomains.net/expired-com-domains/?start=50&searchinit=1&o=changed&r=a: 404 Client Error: Not Found for url: https://www.expireddomains.net/expired-com-domains/?start=50&searchinit=1&o=changed&r=a
2025-07-26 10:18:29,859 - WARNING - Request attempt 3 failed for https://www.expireddomains.net/expired-com-domains/?start=50&searchinit=1&o=changed&r=a: 404 Client Error: Not Found for url: https://www.expireddomains.net/expired-com-domains/?start=50&searchinit=1&o=changed&r=a
2025-07-26 10:18:29,859 - ERROR - All attempts failed for https://www.expireddomains.net/expired-com-domains/?start=50&searchinit=1&o=changed&r=a
2025-07-26 10:18:29,859 - WARNING - Failed to fetch page 3
2025-07-26 10:18:29,859 - INFO - Total valid domains found: 0
2025-07-26 10:18:29,859 - WARNING - No domains found matching criteria
